
test:     file format elf32-littleriscv
test
architecture: riscv:rv32, flags 0x00000012:
EXEC_P, HAS_SYMS
start address 0x00000000

Program Header:
    LOAD off    0x00000060 vaddr 0x00000000 paddr 0x00000000 align 2**4
         filesz 0x00000054 memsz 0x00000054 flags r-x

Sections:
Idx Name          Size      VMA       LMA       File off  Algn
  0 .text         00000054  00000000  00000000  00000060  2**4
                  CONTENTS, ALLOC, LOAD, READONLY, CODE
  1 .riscv.attributes 0000001a  00000000  00000000  000000b4  2**0
                  CONTENTS, READONLY
SYMBOL TABLE:
00000000 l    d  .text	00000000 .text
00000000 l    d  .riscv.attributes	00000000 .riscv.attributes
00000000 g       .text	00000000 _start



Disassembly of section .text:

00000000 <_start>:
   0:	0010a013          	slti	zero,ra,1
   4:	00200093          	li	ra,2
   8:	0010a113          	slti	sp,ra,1
   c:	0030a193          	slti	gp,ra,3
  10:	01f00213          	li	tp,31
  14:	00000293          	li	t0,0
  18:	01f22313          	slti	t1,tp,31
  1c:	00022393          	slti	t2,tp,0
  20:	01f2a413          	slti	s0,t0,31
  24:	0002a493          	slti	s1,t0,0
  28:	f0000cb7          	lui	s9,0xf0000
  2c:	fffc8c93          	addi	s9,s9,-1 # efffffff <_start+0xefffffff>
  30:	fff00d13          	li	s10,-1
  34:	fffcad93          	slti	s11,s9,-1
  38:	000cae13          	slti	t3,s9,0
  3c:	011d2e93          	slti	t4,s10,17
  40:	000d2f13          	slti	t5,s10,0
  44:	fffd2f93          	slti	t6,s10,-1
	...

Disassembly of section .riscv.attributes:

00000000 <.riscv.attributes>:
   0:	1941                	addi	s2,s2,-16
   2:	0000                	unimp
   4:	7200                	flw	fs0,32(a2)
   6:	7369                	lui	t1,0xffffa
   8:	01007663          	bgeu	zero,a6,14 <_start+0x14>
   c:	0000000f          	fence	unknown,unknown
  10:	7205                	lui	tp,0xfffe1
  12:	3376                	fld	ft6,376(sp)
  14:	6932                	flw	fs2,12(sp)
  16:	7032                	flw	ft0,44(sp)
  18:	0030                	addi	a2,sp,8
