
test:     file format elf32-littleriscv
test
architecture: riscv:rv32, flags 0x00000012:
EXEC_P, HAS_SYMS
start address 0x00000000

Program Header:
    LOAD off    0x00000060 vaddr 0x00000000 paddr 0x00000000 align 2**4
         filesz 0x00000034 memsz 0x00000034 flags r-x

Sections:
Idx Name          Size      VMA       LMA       File off  Algn
  0 .text         00000034  00000000  00000000  00000060  2**4
                  CONTENTS, ALLOC, LOAD, READONLY, CODE
  1 .riscv.attributes 0000001a  00000000  00000000  00000094  2**0
                  CONTENTS, READONLY
SYMBOL TABLE:
00000000 l    d  .text	00000000 .text
00000000 l    d  .riscv.attributes	00000000 .riscv.attributes
00000000 g       .text	00000000 _start



Disassembly of section .text:

00000000 <_start>:
   0:	00100093          	li	ra,1
   4:	00200113          	li	sp,2
   8:	00300193          	li	gp,3
   c:	00400213          	li	tp,4
  10:	00102023          	sw	ra,0(zero) # 0 <_start>
  14:	00012023          	sw	zero,0(sp)
  18:	0011a223          	sw	ra,4(gp)
  1c:	0022a0a3          	sw	sp,1(t0)
  20:	00412e23          	sw	tp,28(sp)
  24:	100002b7          	lui	t0,0x10000
  28:	fff28293          	addi	t0,t0,-1 # fffffff <_start+0xfffffff>
  2c:	0052a523          	sw	t0,10(t0)
  30:	0031afa3          	sw	gp,31(gp)

Disassembly of section .riscv.attributes:

00000000 <.riscv.attributes>:
   0:	1941                	addi	s2,s2,-16
   2:	0000                	unimp
   4:	7200                	flw	fs0,32(a2)
   6:	7369                	lui	t1,0xffffa
   8:	01007663          	bgeu	zero,a6,14 <_start+0x14>
   c:	0000000f          	fence	unknown,unknown
  10:	7205                	lui	tp,0xfffe1
  12:	3376                	fld	ft6,376(sp)
  14:	6932                	flw	fs2,12(sp)
  16:	7032                	flw	ft0,44(sp)
  18:	0030                	addi	a2,sp,8
