
test:     file format elf32-littleriscv
test
architecture: riscv:rv32, flags 0x00000012:
EXEC_P, HAS_SYMS
start address 0x00000000

Program Header:
    LOAD off    0x00000060 vaddr 0x00000000 paddr 0x00000000 align 2**4
         filesz 0x00000034 memsz 0x00000034 flags r-x

Sections:
Idx Name          Size      VMA       LMA       File off  Algn
  0 .text         00000034  00000000  00000000  00000060  2**4
                  CONTENTS, ALLOC, LOAD, READONLY, CODE
  1 .riscv.attributes 0000001a  00000000  00000000  00000094  2**0
                  CONTENTS, READONLY
SYMBOL TABLE:
00000000 l    d  .text	00000000 .text
00000000 l    d  .riscv.attributes	00000000 .riscv.attributes
00000000 g       .text	00000000 _start



Disassembly of section .text:

00000000 <_start>:
   0:	00100013          	li	zero,1
   4:	00100093          	li	ra,1
   8:	00108113          	addi	sp,ra,1
   c:	00110193          	addi	gp,sp,1
  10:	00118213          	addi	tp,gp,1
  14:	00120293          	addi	t0,tp,1 # 1 <_start+0x1>
  18:	00128313          	addi	t1,t0,1
  1c:	00130393          	addi	t2,t1,1
  20:	00138413          	addi	s0,t2,1
  24:	00140493          	addi	s1,s0,1
  28:	00148513          	addi	a0,s1,1
  2c:	00150593          	addi	a1,a0,1
  30:	0000                	unimp
	...

Disassembly of section .riscv.attributes:

00000000 <.riscv.attributes>:
   0:	1941                	addi	s2,s2,-16
   2:	0000                	unimp
   4:	7200                	flw	fs0,32(a2)
   6:	7369                	lui	t1,0xffffa
   8:	01007663          	bgeu	zero,a6,14 <_start+0x14>
   c:	0000000f          	fence	unknown,unknown
  10:	7205                	lui	tp,0xfffe1
  12:	3376                	fld	ft6,376(sp)
  14:	6932                	flw	fs2,12(sp)
  16:	7032                	flw	ft0,44(sp)
  18:	0030                	addi	a2,sp,8
